Starting CAP Project Generator...
Using @sap/cds-dk [9.9.1] from /extbin/globals/bun/global/install/node_modules/@sap/cds-dk
Using @sap/generator-cap-project [2.0.6] from [/extbin/globals/bun/global/install/node_modules/@sap/generator-cap-project]
Using root path [/home/user/projects]

Creating project with approuter, destination, hana, html5-repo, mta, nodejs

Adding facet: nodejs
Adding facet: mta
Adding facet: hana
Adding facet: approuter
Adding facet: destination
Adding facet: html5-repo

Successfully initialized CAP project
Continue with: code dummyApp 


Installing dependencies...

added 257 packages, and audited 258 packages in 5s

38 packages are looking for funding
  run `npm fund` for details

found 0 vulnerabilities

Finished installing dependencies

Done setting up project dummyApp
Project is ready to use

